é¥¹ï¿½ï¿½ RAM avaï¿½ets Jun  8 2016 00:22:57

rst:0x1 (POWERON_RESET),boot:0x13 (SPI_FAST_FLASH_BOOT)
configsip: 0, SPIWP:0xee
clk_drv:0x00,q_drv:0x00,d_drv:0x00,cs0_drv:0x00,hd_drv:0x00,wp_drv:0x00
mode:DIO, clock div:2
load:0x3fff0030,len:7136
load:0x40078000,len:15780
ho 0 tail 12 room 4
load:0x40080400,len:4
load:0x40080404,len:3884
entry 0x40080650
[0;32mI (30) boot: ESP-IDF v5.2-dev-2934-g3b748a6cb7 2nd stage bootloader[0m
[0;32mI (30) boot: compile time Nov  3 2023 14:20:06[0m
[0;32mI (32) boot: Multicore bootloader[0m
[0;32mI (36) boot: chip revision: v1.0[0m
[0;32mI (40) boot.esp32: SPI Speed      : 40MHz[0m
[0;32mI (45) boot.esp32: SPI Mode       : DIO[0m
[0;32mI (49) boot.esp32: SPI Flash Size : 2MB[0m
[0;32mI (54) boot: Enabling RNG early entropy source...[0m
[0;32mI (59) boot: Partition Table:[0m
[0;32mI (63) boot: ## Label            Usage          Type ST Offset   Length[0m
[0;32mI (70) boot:  0 nvs              WiFi data        01 02 00009000 00006000[0m
[0;32mI (78) boot:  1 phy_init         RF data          01 01 0000f000 00001000[0m
[0;32mI (85) boot:  2 factory          factory app      00 00 00010000 00100000[0m
[0;32mI (92) boot: End of partition table[0m
[0;32mI (97) esp_image: segment 0: paddr=00010020 vaddr=3f400020 size=0b204h ( 45572) map[0m
[0;32mI (122) esp_image: segment 1: paddr=0001b22c vaddr=3ffb0000 size=0214ch (  8524) load[0m
[0;32mI (125) esp_image: segment 2: paddr=0001d380 vaddr=40080000 size=02c98h ( 11416) load[0m
[0;32mI (132) esp_image: segment 3: paddr=00020020 vaddr=400d0020 size=16d10h ( 93456) map[0m
[0;32mI (170) esp_image: segment 4: paddr=00036d38 vaddr=40082c98 size=09490h ( 38032) load[0m
[0;32mI (192) boot: Loaded app from partition at offset 0x10000[0m
[0;32mI (192) boot: Disabling RNG early entropy source...[0m
[0;32mI (203) cpu_start: Multicore app[0m
[0;32mI (204) cpu_start: Pro cpu up.[0m
[0;32mI (204) cpu_start: Starting app cpu, entry point is 0x40081034[0m
[0;32mI (0) cpu_start: App cpu up.[0m
[0;32mI (222) cpu_start: Pro cpu start user code[0m
[0;32mI (222) cpu_start: cpu freq: 160000000 Hz[0m
[0;32mI (222) cpu_start: Application information:[0m
[0;32mI (226) cpu_start: Project name:     main[0m
[0;32mI (231) cpu_start: App version:      1[0m
[0;32mI (236) cpu_start: Compile time:     Nov  3 2023 14:19:54[0m
[0;32mI (242) cpu_start: ELF file SHA256:  ac7f16e13...[0m
[0;32mI (247) cpu_start: ESP-IDF:          v5.2-dev-2934-g3b748a6cb7[0m
[0;32mI (254) cpu_start: Min chip rev:     v0.0[0m
[0;32mI (258) cpu_start: Max chip rev:     v3.99 [0m
[0;32mI (263) cpu_start: Chip rev:         v1.0[0m
[0;32mI (268) heap_init: Initializing. RAM available for dynamic allocation:[0m
[0;32mI (275) heap_init: At 3FFAE6E0 len 00001920 (6 KiB): DRAM[0m
[0;32mI (281) heap_init: At 3FFB29D8 len 0002D628 (181 KiB): DRAM[0m
[0;32mI (287) heap_init: At 3FFE0440 len 00003AE0 (14 KiB): D/IRAM[0m
[0;32mI (294) heap_init: At 3FFE4350 len 0001BCB0 (111 KiB): D/IRAM[0m
[0;32mI (300) heap_init: At 4008C128 len 00013ED8 (79 KiB): IRAM[0m
[0;32mI (308) spi_flash: detected chip: winbond[0m
[0;32mI (311) spi_flash: flash io: dio[0m
[0;33mW (315) spi_flash: Detected size(4096k) larger than the size in the binary image header(2048k). Using the size in the binary image header.[0m
[0;32mI (329) app_start: Starting scheduler on CPU0[0m
[0;32mI (333) app_start: Starting scheduler on CPU1[0m
[0;32mI (333) main_task: Started on CPU0[0m
[0;32mI (343) main_task: Calling app_main()[0m
[0;32mI (343) gpio: GPIO[0]| InputEn: 0| OutputEn: 1| OpenDrain: 0| Pullup: 0| Pulldown: 0| Intr:0 [0m
